// Jest Snapshot v1, https://goo.gl/fbAQLP

exports[`extra-details-canceled Renders \`extra-details-canceled\` with date in previous month 1`] = `<div><span class="c-extra-details__badge blue-grey"><i aria-hidden="true" class="v-icon material-icons theme--light white--text" style="font-size: 16px;">delete</i></span><span class="v-tooltip c-extra-details v-tooltip--top"><transition-stub name="slide-y-reverse-transition"><div class="v-tooltip__content" style="left: 0px; max-width: auto; opacity: 0; top: 12px; z-index: 0; display: none;"></div></transition-stub></span></div>`;

exports[`extra-details-canceled Renders \`extra-details-canceled\` with full canceled 1`] = `<div><span class="c-extra-details__badge blue-grey"><i aria-hidden="true" class="v-icon material-icons theme--light white--text" style="font-size: 16px;">delete</i></span><span class="v-tooltip c-extra-details v-tooltip--top"><transition-stub name="slide-y-reverse-transition"><div class="v-tooltip__content" style="left: 0px; max-width: auto; opacity: 0; top: 12px; z-index: 0; display: none;"></div></transition-stub></span></div>`;

exports[`extra-details-canceled Renders \`extra-details-canceled\` without message 1`] = `<div><span class="c-extra-details__badge blue-grey"><i aria-hidden="true" class="v-icon material-icons theme--light white--text" style="font-size: 16px;">delete</i></span><span class="v-tooltip c-extra-details v-tooltip--top"><transition-stub name="slide-y-reverse-transition"><div class="v-tooltip__content" style="left: 0px; max-width: auto; opacity: 0; top: 12px; z-index: 0; display: none;"></div></transition-stub></span></div>`;
