// Jest Snapshot v1, https://goo.gl/fbAQLP

exports[`export-csv Renders \`export-csv\` with custom props 1`] = `
<widget-settings-item-stub
  title="Export CSV"
>
  <div
    class="v-input v-input--is-label-active v-input--is-dirty theme--light v-text-field v-select"
  >
    <div
      class="v-input__control"
    >
      <div
        aria-expanded="false"
        aria-haspopup="listbox"
        class="v-input__slot"
        role="button"
      >
        <div
          class="v-select__slot"
        >
          <label
            class="v-label v-label--active theme--light"
            style="left: 0px; position: absolute;"
          >
            Separator
          </label>
          <div
            class="v-select__selections"
          >
            <div
              class="v-select__selection v-select__selection--comma"
            >
              comma
            </div>
            <input
              aria-readonly="false"
              autocomplete="off"
              readonly="readonly"
              type="text"
            />
          </div>
          <div
            class="v-input__append-inner"
          >
            <div
              class="v-input__icon v-input__icon--append"
            >
              <i
                aria-hidden="true"
                class="v-icon notranslate material-icons theme--light"
              >
                arrow_drop_down
              </i>
            </div>
          </div>
          <input
            type="hidden"
            value="comma"
          />
        </div>
        <div
          class="v-menu"
        >
          <!---->
        </div>
      </div>
      <div
        class="v-text-field__details"
      >
        <div
          class="v-messages theme--light"
        >
          <transition-group-stub
            class="v-messages__wrapper"
            name="message-transition"
            tag="div"
          />
        </div>
      </div>
    </div>
  </div>
   
  <div
    class="v-input v-input--is-label-active v-input--is-dirty theme--light v-text-field v-select"
  >
    <div
      class="v-input__control"
    >
      <div
        aria-expanded="false"
        aria-haspopup="listbox"
        class="v-input__slot"
        role="button"
      >
        <div
          class="v-select__slot"
        >
          <label
            class="v-label v-label--active theme--light"
            style="left: 0px; position: absolute;"
          >
            Datetime format
          </label>
          <div
            class="v-select__selections"
          >
            <div
              class="v-select__selection v-select__selection--comma"
            >
              2021-01-02T15:04:05+0200
            </div>
            <input
              aria-readonly="false"
              autocomplete="off"
              readonly="readonly"
              type="text"
            />
          </div>
          <div
            class="v-input__append-inner"
          >
            <div
              class="v-input__icon v-input__icon--append"
            >
              <i
                aria-hidden="true"
                class="v-icon notranslate material-icons theme--light"
              >
                arrow_drop_down
              </i>
            </div>
          </div>
          <input
            type="hidden"
            value="YYYY-MM-DDThh:mm:ssZ"
          />
        </div>
        <div
          class="v-menu"
        >
          <!---->
        </div>
      </div>
      <div
        class="v-text-field__details"
      >
        <div
          class="v-messages theme--light"
        >
          <transition-group-stub
            class="v-messages__wrapper"
            name="message-transition"
            tag="div"
          />
        </div>
      </div>
    </div>
  </div>
   
  <div
    class="layout column"
  >
    <h4
      class="text-subtitle-1 my-4"
    >
      
      Export column names
    
    </h4>
     
    <c-columns-with-template-field-stub
      label="Export column names"
      templates=""
      type="alarm"
      value="[object Object]"
      without-infos-attributes=""
    />
  </div>
</widget-settings-item-stub>
`;

exports[`export-csv Renders \`export-csv\` with default props 1`] = `
<widget-settings-item-stub
  title="Export CSV"
>
  <div
    class="v-input theme--light v-text-field v-select"
  >
    <div
      class="v-input__control"
    >
      <div
        aria-expanded="false"
        aria-haspopup="listbox"
        class="v-input__slot"
        role="button"
      >
        <div
          class="v-select__slot"
        >
          <label
            class="v-label theme--light"
            style="left: 0px; position: absolute;"
          >
            Separator
          </label>
          <div
            class="v-select__selections"
          >
            <input
              aria-readonly="false"
              autocomplete="off"
              readonly="readonly"
              type="text"
            />
          </div>
          <div
            class="v-input__append-inner"
          >
            <div
              class="v-input__icon v-input__icon--append"
            >
              <i
                aria-hidden="true"
                class="v-icon notranslate material-icons theme--light"
              >
                arrow_drop_down
              </i>
            </div>
          </div>
          <input
            type="hidden"
          />
        </div>
        <div
          class="v-menu"
        >
          <!---->
        </div>
      </div>
      <div
        class="v-text-field__details"
      >
        <div
          class="v-messages theme--light"
        >
          <transition-group-stub
            class="v-messages__wrapper"
            name="message-transition"
            tag="div"
          />
        </div>
      </div>
    </div>
  </div>
   
  <!---->
   
  <div
    class="layout column"
  >
    <h4
      class="text-subtitle-1 my-4"
    >
      
      Export column names
    
    </h4>
     
    <c-columns-with-template-field-stub
      label="Export column names"
      templates=""
      type="alarm"
      without-infos-attributes=""
    />
  </div>
</widget-settings-item-stub>
`;
