// Jest Snapshot v1, https://goo.gl/fbAQLP

exports[`c-map-field Renders \`c-map-field\` with default custom props 1`] = `
<div
  class="v-input v-text-field v-select v-input--hide-details v-input--is-disabled theme--light"
  role="combobox"
>
  <div
    class="v-input__control"
  >
    <div
      class="v-input__slot"
    >
      <div
        class="v-select__slot"
      >
        <label
          aria-hidden="true"
          class="v-label v-label--is-disabled theme--light"
          style="left: 0px; position: absolute;"
        >
          Custom label
        </label>
        <div
          class="v-select__selections"
        >
          <input
            aria-label="Custom label"
            aria-readonly="false"
            autocomplete="on"
            disabled="disabled"
            name="customName"
            readonly="readonly"
            type="text"
          />
        </div>
        <div
          class="v-input__append-inner"
        >
          <div
            class="v-input__icon v-input__icon--"
          >
            <i
              aria-hidden="true"
              class="v-icon v-icon--disabled v-icon--link material-icons theme--light"
            />
          </div>
        </div>
        <div
          class="v-input__append-inner"
        >
          <div
            class="v-input__icon v-input__icon--append"
          >
            <i
              aria-hidden="true"
              class="v-icon v-icon--disabled material-icons theme--light"
            >
              arrow_drop_down
            </i>
          </div>
        </div>
      </div>
      <div
        class="v-menu"
      />
    </div>
  </div>
</div>
`;

exports[`c-map-field Renders \`c-map-field\` with default custom props 2`] = `
<div
  class="v-menu__content theme--light "
  style="max-height: 300px; min-width: 0px; max-width: auto; top: 12px; left: 0px; transform-origin: top left; z-index: 0; display: none;"
>
  <div
    class="v-select-list v-card theme--light"
  >
    <div
      class="v-list theme--light"
      role="list"
    >
      <div
        role="listitem"
      >
        <div
          class="v-list__tile theme--light"
        >
          <div
            class="v-list__tile__content"
          >
            <div
              class="v-list__tile__title"
            >
              No data available
            </div>
          </div>
        </div>
      </div>
    </div>
  </div>
</div>
`;

exports[`c-map-field Renders \`c-map-field\` with default props 1`] = `
<div
  class="v-input v-text-field v-select theme--light"
  role="combobox"
>
  <div
    class="v-input__control"
  >
    <div
      class="v-input__slot"
    >
      <div
        class="v-select__slot"
      >
        <label
          aria-hidden="true"
          class="v-label theme--light"
          style="left: 0px; position: absolute;"
        >
          Map
        </label>
        <div
          class="v-select__selections"
        >
          <input
            aria-label="Map"
            aria-readonly="false"
            autocomplete="on"
            name="map"
            readonly="readonly"
            type="text"
          />
        </div>
        <div
          class="v-input__append-inner"
        >
          <div
            class="v-input__icon v-input__icon--"
          >
            <i
              aria-hidden="true"
              class="v-icon v-icon--link material-icons theme--light"
            />
          </div>
        </div>
        <div
          class="v-input__append-inner"
        >
          <div
            class="v-input__icon v-input__icon--append"
          >
            <i
              aria-hidden="true"
              class="v-icon material-icons theme--light"
            >
              arrow_drop_down
            </i>
          </div>
        </div>
      </div>
      <div
        class="v-menu"
      />
    </div>
    <div
      class="v-text-field__details"
    >
      <div
        class="v-messages theme--light"
      >
        <div
          class="v-messages__wrapper"
        />
      </div>
    </div>
  </div>
</div>
`;

exports[`c-map-field Renders \`c-map-field\` with default props 2`] = `
<div
  class="v-menu__content theme--light "
  style="max-height: 300px; min-width: 0px; max-width: auto; top: 12px; left: 0px; transform-origin: top left; z-index: 0; display: none;"
>
  <div
    class="v-select-list v-card theme--light"
  >
    <div
      class="v-list theme--light"
      role="list"
    >
      <div
        role="listitem"
      >
        <div
          class="v-list__tile theme--light"
        >
          <div
            class="v-list__tile__content"
          >
            <div
              class="v-list__tile__title"
            >
              No data available
            </div>
          </div>
        </div>
      </div>
    </div>
  </div>
</div>
`;
