// Jest Snapshot v1, https://goo.gl/fbAQLP

exports[`create-change-state-event Renders \`create-change-state-event\` 1`] = `
<form
  class="v-form"
  novalidate="novalidate"
>
  <div
    class="modal-wrapper"
    close="close"
  >
    <div
      class="title"
    >
      <span>
        Change severity
      </span>
    </div>
     
    <div
      class="text"
    >
      <c-change-state-field-stub
        label="Note"
        value="[object Object]"
      />
    </div>
     
    <div
      class="actions"
    >
      <button
        class="v-btn v-btn--flat theme--light"
        type="button"
      >
        <div
          class="v-btn__content"
        >
          Cancel
        </div>
      </button>
      <button
        class="primary v-btn theme--light"
        type="submit"
      >
        <div
          class="v-btn__content"
        >
          Save changes
        </div>
      </button>
    </div>
  </div>
</form>
`;
