// Jest Snapshot v1, https://goo.gl/fbAQLP

exports[`c-sampling-field Renders \`c-sampling-field\` with custom props 1`] = `
<div
  class="v-input v-text-field v-select v-input--is-label-active v-input--is-dirty v-input--is-disabled theme--light"
  role="combobox"
>
  <div
    class="v-input__control"
  >
    <div
      class="v-input__slot"
    >
      <div
        class="v-select__slot"
      >
        <label
          aria-hidden="true"
          class="v-label v-label--active v-label--is-disabled theme--light"
          style="left: 0px; position: absolute;"
        >
          Custom label
        </label>
        <div
          class="v-select__selections"
        >
          <span
            class="text-capitalize"
          >
            common.times.hour:2
          </span>
          <input
            aria-label="Custom label"
            aria-readonly="false"
            autocomplete="on"
            disabled="disabled"
            name="customName"
            readonly="readonly"
            type="text"
          />
        </div>
        <div
          class="v-input__append-inner"
        >
          <div
            class="v-input__icon v-input__icon--append"
          >
            <i
              aria-hidden="true"
              class="v-icon v-icon--disabled material-icons theme--light"
            >
              arrow_drop_down
            </i>
          </div>
        </div>
      </div>
      <div
        class="v-menu"
      />
    </div>
    <div
      class="v-text-field__details"
    >
      <div
        class="v-messages theme--light"
      >
        <div
          class="v-messages__wrapper"
        />
      </div>
    </div>
  </div>
</div>
`;

exports[`c-sampling-field Renders \`c-sampling-field\` with custom props 2`] = `
<div
  class="v-menu__content theme--light "
  style="max-height: 300px; min-width: 0px; max-width: auto; top: 12px; left: 0px; transform-origin: top left; z-index: 0; display: none;"
>
  <div
    class="v-select-list v-card theme--light"
  >
    <div
      class="v-list theme--light"
      role="list"
    >
      <div
        class="primary--text"
        role="listitem"
      >
        <a
          class="v-list__tile v-list__tile--link v-list__tile--active theme--light primary--text"
        >
          <span
            class="text-capitalize"
          >
            common.times.hour:2
          </span>
        </a>
      </div>
      <div
        role="listitem"
      >
        <a
          class="v-list__tile v-list__tile--link theme--light"
        >
          <span
            class="text-capitalize"
          >
            common.times.day:2
          </span>
        </a>
      </div>
      <div
        role="listitem"
      >
        <a
          class="v-list__tile v-list__tile--link theme--light"
        >
          <span
            class="text-capitalize"
          >
            common.times.week:2
          </span>
        </a>
      </div>
      <div
        role="listitem"
      >
        <a
          class="v-list__tile v-list__tile--link theme--light"
        >
          <span
            class="text-capitalize"
          >
            common.times.month:2
          </span>
        </a>
      </div>
    </div>
  </div>
</div>
`;

exports[`c-sampling-field Renders \`c-sampling-field\` with default props 1`] = `
<div
  class="v-input v-text-field v-select v-input--is-label-active v-input--is-dirty theme--light"
  role="combobox"
>
  <div
    class="v-input__control"
  >
    <div
      class="v-input__slot"
    >
      <div
        class="v-select__slot"
      >
        <label
          aria-hidden="true"
          class="v-label v-label--active theme--light"
          style="left: 0px; position: absolute;"
        >
          common.sampling
        </label>
        <div
          class="v-select__selections"
        >
          <span
            class="text-capitalize"
          >
            common.times.day:2
          </span>
          <input
            aria-label="common.sampling"
            aria-readonly="false"
            autocomplete="on"
            name="sampling"
            readonly="readonly"
            type="text"
          />
        </div>
        <div
          class="v-input__append-inner"
        >
          <div
            class="v-input__icon v-input__icon--append"
          >
            <i
              aria-hidden="true"
              class="v-icon material-icons theme--light"
            >
              arrow_drop_down
            </i>
          </div>
        </div>
      </div>
      <div
        class="v-menu"
      />
    </div>
    <div
      class="v-text-field__details"
    >
      <div
        class="v-messages theme--light"
      >
        <div
          class="v-messages__wrapper"
        />
      </div>
    </div>
  </div>
</div>
`;

exports[`c-sampling-field Renders \`c-sampling-field\` with default props 2`] = `
<div
  class="v-menu__content theme--light "
  style="max-height: 300px; min-width: 0px; max-width: auto; top: 12px; left: 0px; transform-origin: top left; z-index: 0; display: none;"
>
  <div
    class="v-select-list v-card theme--light"
  >
    <div
      class="v-list theme--light"
      role="list"
    >
      <div
        role="listitem"
      >
        <a
          class="v-list__tile v-list__tile--link theme--light"
        >
          <span
            class="text-capitalize"
          >
            common.times.hour:2
          </span>
        </a>
      </div>
      <div
        class="primary--text"
        role="listitem"
      >
        <a
          class="v-list__tile v-list__tile--link v-list__tile--active theme--light primary--text"
        >
          <span
            class="text-capitalize"
          >
            common.times.day:2
          </span>
        </a>
      </div>
      <div
        role="listitem"
      >
        <a
          class="v-list__tile v-list__tile--link theme--light"
        >
          <span
            class="text-capitalize"
          >
            common.times.week:2
          </span>
        </a>
      </div>
      <div
        role="listitem"
      >
        <a
          class="v-list__tile v-list__tile--link theme--light"
        >
          <span
            class="text-capitalize"
          >
            common.times.month:2
          </span>
        </a>
      </div>
    </div>
  </div>
</div>
`;
