// Jest Snapshot v1, https://goo.gl/fbAQLP

exports[`c-state-type-field Renders \`c-state-type-field\` with default custom props 1`] = `
<div
  class="v-input v-text-field v-select v-input--hide-details v-input--is-label-active v-input--is-dirty v-input--is-disabled theme--light"
  role="combobox"
>
  <div
    class="v-input__control"
  >
    <div
      class="v-input__slot"
    >
      <div
        class="v-select__slot"
      >
        <label
          aria-hidden="true"
          class="v-label v-label--active v-label--is-disabled theme--light"
          style="left: 0px; position: absolute;"
        >
          Custom label
        </label>
        <div
          class="v-select__selections"
        >
          <div
            class="v-select__selection v-select__selection--comma v-select__selection--disabled"
          >
            Major
          </div>
          <input
            aria-label="Custom label"
            aria-readonly="false"
            autocomplete="on"
            disabled="disabled"
            name="name"
            readonly="readonly"
            type="text"
          />
        </div>
        <div
          class="v-input__append-inner"
        >
          <div
            class="v-input__icon v-input__icon--append"
          >
            <i
              aria-hidden="true"
              class="v-icon v-icon--disabled material-icons theme--light"
            >
              arrow_drop_down
            </i>
          </div>
        </div>
      </div>
      <div
        class="v-menu"
      />
    </div>
  </div>
</div>
`;

exports[`c-state-type-field Renders \`c-state-type-field\` with default custom props 2`] = `
<div
  class="v-menu__content theme--light "
  style="max-height: 300px; min-width: 0px; max-width: auto; top: 12px; left: 0px; transform-origin: top left; z-index: 0; display: none;"
>
  <div
    class="v-select-list v-card theme--light"
  >
    <div
      class="v-list theme--light"
      role="list"
    >
      <div
        role="listitem"
      >
        <a
          class="v-list__tile v-list__tile--link theme--light"
        >
          <div
            class="v-list__tile__content"
          >
            <div
              class="v-list__tile__title"
            >
              Ok
            </div>
          </div>
        </a>
      </div>
      <div
        role="listitem"
      >
        <a
          class="v-list__tile v-list__tile--link theme--light"
        >
          <div
            class="v-list__tile__content"
          >
            <div
              class="v-list__tile__title"
            >
              Minor
            </div>
          </div>
        </a>
      </div>
      <div
        class="primary--text"
        role="listitem"
      >
        <a
          class="v-list__tile v-list__tile--link v-list__tile--active theme--light primary--text"
        >
          <div
            class="v-list__tile__content"
          >
            <div
              class="v-list__tile__title"
            >
              Major
            </div>
          </div>
        </a>
      </div>
      <div
        role="listitem"
      >
        <a
          class="v-list__tile v-list__tile--link theme--light"
        >
          <div
            class="v-list__tile__content"
          >
            <div
              class="v-list__tile__title"
            >
              Critical
            </div>
          </div>
        </a>
      </div>
    </div>
  </div>
</div>
`;

exports[`c-state-type-field Renders \`c-state-type-field\` with default props 1`] = `
<div
  class="v-input v-text-field v-select v-input--hide-details theme--light"
  role="combobox"
>
  <div
    class="v-input__control"
  >
    <div
      class="v-input__slot"
    >
      <div
        class="v-select__slot"
      >
        <label
          aria-hidden="true"
          class="v-label theme--light"
          style="left: 0px; position: absolute;"
        >
          Severities
        </label>
        <div
          class="v-select__selections"
        >
          <input
            aria-label="Severities"
            aria-readonly="false"
            autocomplete="on"
            name="state"
            readonly="readonly"
            type="text"
          />
        </div>
        <div
          class="v-input__append-inner"
        >
          <div
            class="v-input__icon v-input__icon--append"
          >
            <i
              aria-hidden="true"
              class="v-icon material-icons theme--light"
            >
              arrow_drop_down
            </i>
          </div>
        </div>
      </div>
      <div
        class="v-menu"
      />
    </div>
  </div>
</div>
`;

exports[`c-state-type-field Renders \`c-state-type-field\` with default props 2`] = `
<div
  class="v-menu__content theme--light "
  style="max-height: 300px; min-width: 0px; max-width: auto; top: 12px; left: 0px; transform-origin: top left; z-index: 0; display: none;"
>
  <div
    class="v-select-list v-card theme--light"
  >
    <div
      class="v-list theme--light"
      role="list"
    >
      <div
        role="listitem"
      >
        <a
          class="v-list__tile v-list__tile--link theme--light"
        >
          <div
            class="v-list__tile__content"
          >
            <div
              class="v-list__tile__title"
            >
              Ok
            </div>
          </div>
        </a>
      </div>
      <div
        role="listitem"
      >
        <a
          class="v-list__tile v-list__tile--link theme--light"
        >
          <div
            class="v-list__tile__content"
          >
            <div
              class="v-list__tile__title"
            >
              Minor
            </div>
          </div>
        </a>
      </div>
      <div
        role="listitem"
      >
        <a
          class="v-list__tile v-list__tile--link theme--light"
        >
          <div
            class="v-list__tile__content"
          >
            <div
              class="v-list__tile__title"
            >
              Major
            </div>
          </div>
        </a>
      </div>
      <div
        role="listitem"
      >
        <a
          class="v-list__tile v-list__tile--link theme--light"
        >
          <div
            class="v-list__tile__content"
          >
            <div
              class="v-list__tile__title"
            >
              Critical
            </div>
          </div>
        </a>
      </div>
    </div>
  </div>
</div>
`;

exports[`c-state-type-field Renders \`c-state-type-field\` with validator error 1`] = `
<div
  class="v-input v-text-field v-select v-input--has-state v-input--hide-details theme--light error--text"
  role="combobox"
>
  <div
    class="v-input__control"
  >
    <div
      class="v-input__slot"
    >
      <div
        class="v-select__slot"
      >
        <label
          aria-hidden="true"
          class="v-label theme--light error--text"
          style="left: 0px; position: absolute;"
        >
          Severities
        </label>
        <div
          class="v-select__selections"
        >
          <input
            aria-label="Severities"
            aria-readonly="false"
            autocomplete="on"
            name="state"
            readonly="readonly"
            type="text"
          />
        </div>
        <div
          class="v-input__append-inner"
        >
          <div
            class="v-input__icon v-input__icon--append"
          >
            <i
              aria-hidden="true"
              class="v-icon material-icons theme--light error--text"
            >
              arrow_drop_down
            </i>
          </div>
        </div>
      </div>
      <div
        class="v-menu"
      />
    </div>
  </div>
</div>
`;
