// Jest Snapshot v1, https://goo.gl/fbAQLP

exports[`link-meta-alarm-form Renders \`link-meta-alarm-form\` with alarms 1`] = `
<div
  class="layout column"
>
  <div
    class="v-input theme--light v-text-field v-select v-autocomplete"
  >
    <div
      class="v-input__control"
    >
      <div
        aria-expanded="false"
        aria-haspopup="listbox"
        class="v-input__slot"
        role="combobox"
      >
        <div
          class="v-select__slot"
        >
          <label
            class="v-label theme--light"
            style="left: 0px; position: absolute;"
          >
            Select meta alarm or create a new one
          </label>
          <input
            autocomplete="off"
            type="text"
          />
          <div
            class="v-input__append-inner"
          >
            <div
              class="v-input__icon v-input__icon--append"
            >
              <i
                aria-hidden="true"
                class="v-icon notranslate material-icons theme--light"
              >
                arrow_drop_down
              </i>
            </div>
          </div>
          <input
            name="manualMetaAlarm"
            type="hidden"
          />
        </div>
        <div
          class="v-menu"
        >
          <!---->
        </div>
      </div>
      <div
        class="v-text-field__details"
      >
        <div
          class="v-messages theme--light"
        >
          <transition-group-stub
            class="v-messages__wrapper"
            name="message-transition"
            tag="div"
          />
        </div>
      </div>
    </div>
  </div>
  <div
    class="v-input theme--light v-text-field"
  >
    <div
      class="v-input__control"
    >
      <div
        class="v-input__slot"
      >
        <div
          class="v-text-field__slot"
        >
          <label
            class="v-label theme--light"
            style="left: 0px; position: absolute;"
          >
            Note
          </label>
          <input
            type="text"
          />
        </div>
      </div>
      <div
        class="v-text-field__details"
      >
        <div
          class="v-messages theme--light"
        >
          <transition-group-stub
            class="v-messages__wrapper"
            name="message-transition"
            tag="div"
          />
        </div>
      </div>
    </div>
  </div>
  <c-enabled-field-stub
    label="Auto resolve"
  />
</div>
`;

exports[`link-meta-alarm-form Renders \`link-meta-alarm-form\` with alarms 2`] = `
<div
  class="v-menu__content theme--light menuable__content__active v-autocomplete__content"
  style="max-height: 304px; min-width: 0px; max-width: auto; top: 12px; left: 0px; transform-origin: top left; z-index: 8;"
>
  <div
    class="v-list v-select-list v-sheet theme--light theme--light"
    role="listbox"
    tabindex="-1"
  >
    <div
      aria-selected="false"
      class="v-list-item v-list-item--link theme--light"
      role="option"
      tabindex="0"
    >
      <div
        class="v-list-item__content"
      >
        <div
          class="v-list-item__title"
        >
          alarm-display-name
        </div>
      </div>
    </div>
  </div>
</div>
`;

exports[`link-meta-alarm-form Renders \`link-meta-alarm-form\` with default props 1`] = `
<div
  class="layout column"
>
  <div
    class="v-input v-input--is-label-active v-input--is-dirty theme--light v-text-field v-select v-autocomplete"
  >
    <div
      class="v-input__control"
    >
      <div
        aria-expanded="false"
        aria-haspopup="listbox"
        class="v-input__slot"
        role="combobox"
      >
        <div
          class="v-select__slot"
        >
          <label
            class="v-label v-label--active theme--light"
            style="left: 0px; position: absolute;"
          >
            Select meta alarm or create a new one
          </label>
          <input
            autocomplete="off"
            type="text"
          />
          <div
            class="v-input__append-inner"
          >
            <div
              class="v-input__icon v-input__icon--append"
            >
              <i
                aria-hidden="true"
                class="v-icon notranslate material-icons theme--light"
              >
                arrow_drop_down
              </i>
            </div>
          </div>
          <input
            name="manualMetaAlarm"
            type="hidden"
            value="metaAlarm"
          />
        </div>
        <div
          class="v-menu"
        >
          <!---->
        </div>
      </div>
      <div
        class="v-text-field__details"
      >
        <div
          class="v-messages theme--light"
        >
          <transition-group-stub
            class="v-messages__wrapper"
            name="message-transition"
            tag="div"
          />
        </div>
      </div>
    </div>
  </div>
  <div
    class="v-input v-input--is-label-active v-input--is-dirty theme--light v-text-field"
  >
    <div
      class="v-input__control"
    >
      <div
        class="v-input__slot"
      >
        <div
          class="v-text-field__slot"
        >
          <label
            class="v-label v-label--active theme--light"
            style="left: 0px; position: absolute;"
          >
            Note
          </label>
          <input
            type="text"
          />
        </div>
      </div>
      <div
        class="v-text-field__details"
      >
        <div
          class="v-messages theme--light"
        >
          <transition-group-stub
            class="v-messages__wrapper"
            name="message-transition"
            tag="div"
          />
        </div>
      </div>
    </div>
  </div>
  <c-enabled-field-stub
    label="Auto resolve"
    value="true"
  />
</div>
`;

exports[`link-meta-alarm-form Renders \`link-meta-alarm-form\` with default props 2`] = `undefined`;
