// Jest Snapshot v1, https://goo.gl/fbAQLP

exports[`flowchart-color-field Renders \`flowchart-color-field\` with custom props 1`] = `
<div
  class="layout flowchart-color-field row justify-space-between align-center"
>
  <span
    class="v-label theme--light"
  >
    Custom label
  </span>
  <div
    class="flex xs3"
  >
    <button
      class="flowchart-color-field__button ma-0 pa-0 v-btn v-btn--block v-btn--small theme--light"
      style="background-color: rgb(0, 0, 0);"
      type="button"
    >
      <div
        class="v-btn__content"
      />
    </button>
  </div>
</div>
`;

exports[`flowchart-color-field Renders \`flowchart-color-field\` with default props 1`] = `
<div
  class="layout flowchart-color-field row justify-space-between align-center"
>
  <div
    class="v-input mt-0 v-input--selection-controls v-input--checkbox v-input--hide-details theme--light"
  >
    <div
      class="v-input__control"
    >
      <div
        class="v-input__slot"
      >
        <div
          class="v-input--selection-controls__input"
        >
          <input
            aria-checked="false"
            aria-label="Color"
            role="checkbox"
            type="checkbox"
            value=""
          />
          <div
            class="v-input--selection-controls__ripple"
          />
          <i
            aria-hidden="true"
            class="v-icon material-icons theme--light"
          >
            check_box_outline_blank
          </i>
        </div>
        <label
          aria-hidden="true"
          class="v-label theme--light"
          style="left: 0px; position: relative;"
        >
          Color
        </label>
      </div>
    </div>
  </div>
  <div
    class="flex xs3"
    style="display: none;"
  >
    <button
      class="flowchart-color-field__button ma-0 pa-0 v-btn v-btn--block v-btn--small theme--light"
      style="background-color: transparent;"
      type="button"
    >
      <div
        class="v-btn__content"
      />
    </button>
  </div>
</div>
`;
