// Jest Snapshot v1, https://goo.gl/fbAQLP

exports[`mermaid-map-form Renders \`mermaid-map-form\` with form 1`] = `
<div
  class="layout column"
>
  <c-name-field-stub
    required="required"
    value="Mermaid"
  />
  <mermaid-editor-stub
    form="[object Object]"
    minheight="500"
    name="parameters"
  />
</div>
`;
